2026-07-24 15:00:58,216 | INFO | ✈️ Running pre-flight checks...
2026-07-24 15:00:58,242 | INFO | ✅ PiT architecture verified. Zero leakage detected.
2026-07-24 15:00:58,242 | INFO | 🧹 FORCE_RETRAIN active. Evicting stale model caches and processed artifacts...
2026-07-24 15:00:58,243 | INFO | 🗑️ Removed artifacts directory: data/artifacts
2026-07-24 15:00:58,243 | INFO | 🗑️ Removed processed directory: data/processed
2026-07-24 15:00:58,244 | INFO | ♻️ Evicted raw historical asset to force fresh Kaggle pull: data/raw/former_names.csv
2026-07-24 15:00:58,244 | INFO | ♻️ Evicted raw historical asset to force fresh Kaggle pull: data/raw/results.csv
2026-07-24 15:00:58,245 | INFO | ♻️ Evicted raw historical asset to force fresh Kaggle pull: data/raw/shootouts.csv
2026-07-24 15:00:58,245 | WARNING | ⚠️ Missing local historical files. Initializing automated scraper...
2026-07-24 15:00:58,546 | INFO | 📥 Automated scraper ingestion completed successfully.
2026-07-24 15:00:58,546 | INFO | 🛠️  Patching structural and chronological anomalies in raw tournament blueprints...
2026-07-24 15:00:58,666 | INFO | ⚙️ Running entity validation and preparing historical features...
2026-07-24 15:00:59,071 | INFO | 🚀 Launching World Cup Prediction Pipeline [Engine: blend_ridge]
2026-07-24 15:00:59,071 | INFO | 📈 Synchronizing continuous World Football Elo ratings through time...
2026-07-24 15:01:00,315 | INFO | 🧮 Resolving pure-Poisson Joint Maximum Likelihood Estimations...
2026-07-24 15:02:55,860 | INFO | 🔄 Processing pure-Poisson Out-of-Fold Cross-Validation (Fold 1/10)...
2026-07-24 15:03:15,512 | INFO | 🔄 Processing pure-Poisson Out-of-Fold Cross-Validation (Fold 2/10)...
2026-07-24 15:03:43,446 | INFO | 🔄 Processing pure-Poisson Out-of-Fold Cross-Validation (Fold 3/10)...
2026-07-24 15:04:22,394 | INFO | 🔄 Processing pure-Poisson Out-of-Fold Cross-Validation (Fold 4/10)...
2026-07-24 15:04:59,969 | INFO | 🔄 Processing pure-Poisson Out-of-Fold Cross-Validation (Fold 5/10)...
2026-07-24 15:05:38,556 | INFO | 🔄 Processing pure-Poisson Out-of-Fold Cross-Validation (Fold 6/10)...
2026-07-24 15:06:25,891 | INFO | 🔄 Processing pure-Poisson Out-of-Fold Cross-Validation (Fold 7/10)...
2026-07-24 15:07:25,512 | INFO | 🔄 Processing pure-Poisson Out-of-Fold Cross-Validation (Fold 8/10)...
2026-07-24 15:08:37,546 | INFO | 🔄 Processing pure-Poisson Out-of-Fold Cross-Validation (Fold 9/10)...
2026-07-24 15:10:00,136 | INFO | 🔄 Processing pure-Poisson Out-of-Fold Cross-Validation (Fold 10/10)...
2026-07-24 15:12:01,376 | INFO | 🌲 Training dynamic XGBoost count model...
2026-07-24 15:12:01,377 | INFO | 🔄 Processing XGBoost Out-of-Fold Cross-Validation (Fold 1/10)...
2026-07-24 15:12:01,805 | INFO | 🔄 Processing XGBoost Out-of-Fold Cross-Validation (Fold 2/10)...
2026-07-24 15:12:01,880 | INFO | 🔄 Processing XGBoost Out-of-Fold Cross-Validation (Fold 3/10)...
2026-07-24 15:12:01,960 | INFO | 🔄 Processing XGBoost Out-of-Fold Cross-Validation (Fold 4/10)...
2026-07-24 15:12:02,042 | INFO | 🔄 Processing XGBoost Out-of-Fold Cross-Validation (Fold 5/10)...
2026-07-24 15:12:02,128 | INFO | 🔄 Processing XGBoost Out-of-Fold Cross-Validation (Fold 6/10)...
2026-07-24 15:12:02,218 | INFO | 🔄 Processing XGBoost Out-of-Fold Cross-Validation (Fold 7/10)...
2026-07-24 15:12:02,304 | INFO | 🔄 Processing XGBoost Out-of-Fold Cross-Validation (Fold 8/10)...
2026-07-24 15:12:02,401 | INFO | 🔄 Processing XGBoost Out-of-Fold Cross-Validation (Fold 9/10)...
2026-07-24 15:12:02,577 | INFO | 🔄 Processing XGBoost Out-of-Fold Cross-Validation (Fold 10/10)...
2026-07-24 15:12:02,915 | INFO | 🧠 Resolving weights via L2-Regularized Ridge Stacking Regressor...
2026-07-24 15:12:02,991 | INFO | ⚖️ Active Execution Weights: Poisson 0.438 | Elo 0.002 | XGBoost 0.563
2026-07-24 15:12:02,991 | INFO | 📊 Extracting final pre-tournament team form states...
2026-07-24 15:12:03,046 | INFO | 🌿 Advancing teams and resolving dynamic knockout bracket tree mappings...
2026-07-24 15:12:04,608 | INFO | 🏆 Deterministic path champion detected: SPAIN
2026-07-24 15:12:04,608 | INFO | 🎲 Spawning 10,000 Monte Carlo parallel universes...
2026-07-24 15:14:16,896 | INFO | 🔮 Stochastic path champion detected: SPAIN 27.3%
2026-07-24 15:14:16,897 | INFO | ⚔️ Spinning up Sandbox pairwise matrix computations...
2026-07-24 15:16:58,661 | INFO | 🌳 Constructing expected stochastic tournament bracket via xTables...
2026-07-24 15:16:58,745 | INFO | 🏁 Core pipeline orchestration completed successfully.
