2026-07-24 03:25:17,895 | INFO | ✈️ Running pre-flight checks...
2026-07-24 03:25:17,942 | INFO | ✅ PiT architecture verified. Zero leakage detected.
2026-07-24 03:25:17,943 | INFO | 🧹 FORCE_RETRAIN active. Evicting stale model caches and processed artifacts...
2026-07-24 03:25:17,944 | INFO | 🗑️ Removed artifacts directory: data/artifacts
2026-07-24 03:25:17,945 | INFO | 🗑️ Removed processed directory: data/processed
2026-07-24 03:25:17,948 | INFO | ♻️ Evicted raw historical asset to force fresh Kaggle pull: data/raw/former_names.csv
2026-07-24 03:25:17,948 | INFO | ♻️ Evicted raw historical asset to force fresh Kaggle pull: data/raw/results.csv
2026-07-24 03:25:17,948 | INFO | ♻️ Evicted raw historical asset to force fresh Kaggle pull: data/raw/shootouts.csv
2026-07-24 03:25:17,948 | WARNING | ⚠️ Missing local historical files. Initializing automated scraper...
2026-07-24 03:25:18,547 | INFO | 📥 Automated scraper ingestion completed successfully.
2026-07-24 03:25:18,548 | INFO | 🛠️  Patching structural and chronological anomalies in raw tournament blueprints...
2026-07-24 03:25:18,666 | INFO | ⚙️ Running entity validation and preparing historical features...
2026-07-24 03:25:19,073 | INFO | 🚀 Launching World Cup Prediction Pipeline [Engine: blend_ridge]
2026-07-24 03:25:19,073 | INFO | 📈 Synchronizing continuous World Football Elo ratings through time...
2026-07-24 03:25:20,275 | INFO | 🧮 Resolving pure-Poisson Joint Maximum Likelihood Estimations...
2026-07-24 03:27:20,047 | INFO | 🔄 Processing pure-Poisson Out-of-Fold Cross-Validation (Fold 1/10)...
2026-07-24 03:27:38,800 | INFO | 🔄 Processing pure-Poisson Out-of-Fold Cross-Validation (Fold 2/10)...
2026-07-24 03:28:07,075 | INFO | 🔄 Processing pure-Poisson Out-of-Fold Cross-Validation (Fold 3/10)...
2026-07-24 03:28:43,988 | INFO | 🔄 Processing pure-Poisson Out-of-Fold Cross-Validation (Fold 4/10)...
2026-07-24 03:29:21,973 | INFO | 🔄 Processing pure-Poisson Out-of-Fold Cross-Validation (Fold 5/10)...
2026-07-24 03:30:01,016 | INFO | 🔄 Processing pure-Poisson Out-of-Fold Cross-Validation (Fold 6/10)...
2026-07-24 03:30:47,605 | INFO | 🔄 Processing pure-Poisson Out-of-Fold Cross-Validation (Fold 7/10)...
2026-07-24 03:31:46,986 | INFO | 🔄 Processing pure-Poisson Out-of-Fold Cross-Validation (Fold 8/10)...
2026-07-24 03:33:13,527 | INFO | 🔄 Processing pure-Poisson Out-of-Fold Cross-Validation (Fold 9/10)...
2026-07-24 03:34:46,319 | INFO | 🔄 Processing pure-Poisson Out-of-Fold Cross-Validation (Fold 10/10)...
2026-07-24 03:37:02,256 | INFO | 🌲 Training dynamic XGBoost count model...
2026-07-24 03:37:02,257 | INFO | 🔄 Processing XGBoost Out-of-Fold Cross-Validation (Fold 1/10)...
2026-07-24 03:37:02,686 | INFO | 🔄 Processing XGBoost Out-of-Fold Cross-Validation (Fold 2/10)...
2026-07-24 03:37:02,855 | INFO | 🔄 Processing XGBoost Out-of-Fold Cross-Validation (Fold 3/10)...
2026-07-24 03:37:03,037 | INFO | 🔄 Processing XGBoost Out-of-Fold Cross-Validation (Fold 4/10)...
2026-07-24 03:37:03,196 | INFO | 🔄 Processing XGBoost Out-of-Fold Cross-Validation (Fold 5/10)...
2026-07-24 03:37:03,393 | INFO | 🔄 Processing XGBoost Out-of-Fold Cross-Validation (Fold 6/10)...
2026-07-24 03:37:03,591 | INFO | 🔄 Processing XGBoost Out-of-Fold Cross-Validation (Fold 7/10)...
2026-07-24 03:37:03,807 | INFO | 🔄 Processing XGBoost Out-of-Fold Cross-Validation (Fold 8/10)...
2026-07-24 03:37:04,014 | INFO | 🔄 Processing XGBoost Out-of-Fold Cross-Validation (Fold 9/10)...
2026-07-24 03:37:04,238 | INFO | 🔄 Processing XGBoost Out-of-Fold Cross-Validation (Fold 10/10)...
2026-07-24 03:37:04,961 | INFO | 🧠 Resolving weights via L2-Regularized Ridge Stacking Regressor...
2026-07-24 03:37:05,021 | INFO | ⚖️ Active Execution Weights: Poisson 0.439 | Elo 0.005 | XGBoost 0.558
2026-07-24 03:37:05,021 | INFO | 📊 Extracting final pre-tournament team form states...
2026-07-24 03:37:05,591 | INFO | 🌿 Advancing teams and resolving dynamic knockout bracket tree mappings...
2026-07-24 03:37:07,564 | INFO | 🏆 Deterministic path champion detected: ARGENTINA
2026-07-24 03:37:07,564 | INFO | 🎲 Spawning 10,000 Monte Carlo parallel universes...
2026-07-24 03:41:32,793 | INFO | 🔮 Stochastic path champion detected: ARGENTINA 18.4%
2026-07-24 03:41:32,794 | INFO | ⚔️ Spinning up Sandbox pairwise matrix computations...
2026-07-24 03:44:30,240 | INFO | 🌳 Constructing expected stochastic tournament bracket via xTables...
2026-07-24 03:44:30,348 | INFO | 🏁 Core pipeline orchestration completed successfully.
