2026-06-28 19:37:45,901 | INFO | ✈️ Running pre-flight checks...
2026-06-28 19:37:45,924 | INFO | ✅ PiT architecture verified. Zero leakage detected.
2026-06-28 19:37:45,924 | INFO | 🧹 FORCE_RETRAIN active. Evicting stale model caches and processed artifacts...
2026-06-28 19:37:45,924 | INFO | 🗑️ Removed artifacts directory: data/artifacts
2026-06-28 19:37:45,924 | INFO | 🗑️ Removed processed directory: data/processed
2026-06-28 19:37:45,924 | INFO | ♻️ Evicted raw historical asset to force fresh Kaggle pull: data/raw/former_names.csv
2026-06-28 19:37:45,925 | INFO | ♻️ Evicted raw historical asset to force fresh Kaggle pull: data/raw/results.csv
2026-06-28 19:37:45,925 | INFO | ♻️ Evicted raw historical asset to force fresh Kaggle pull: data/raw/shootouts.csv
2026-06-28 19:37:45,925 | WARNING | ⚠️ Missing local historical files. Initializing automated scraper...
2026-06-28 19:37:46,182 | INFO | 📥 Automated scraper ingestion completed successfully.
2026-06-28 19:37:46,182 | INFO | 🛠️  Patching structural and chronological anomalies in raw tournament blueprints...
2026-06-28 19:37:46,291 | INFO | ⚙️ Running entity validation and preparing historical features...
2026-06-28 19:37:46,676 | INFO | 🚀 Launching World Cup Prediction Pipeline [Engine: blend_ridge]
2026-06-28 19:37:46,676 | INFO | 📈 Synchronizing continuous World Football Elo ratings through time...
2026-06-28 19:37:47,904 | INFO | 🧮 Resolving pure-Poisson Joint Maximum Likelihood Estimations...
2026-06-28 19:39:44,297 | INFO | 🔄 Processing pure-Poisson Out-of-Fold Cross-Validation (Fold 1/10)...
2026-06-28 19:40:02,417 | INFO | 🔄 Processing pure-Poisson Out-of-Fold Cross-Validation (Fold 2/10)...
2026-06-28 19:40:30,120 | INFO | 🔄 Processing pure-Poisson Out-of-Fold Cross-Validation (Fold 3/10)...
2026-06-28 19:41:06,901 | INFO | 🔄 Processing pure-Poisson Out-of-Fold Cross-Validation (Fold 4/10)...
2026-06-28 19:41:43,912 | INFO | 🔄 Processing pure-Poisson Out-of-Fold Cross-Validation (Fold 5/10)...
2026-06-28 19:42:23,582 | INFO | 🔄 Processing pure-Poisson Out-of-Fold Cross-Validation (Fold 6/10)...
2026-06-28 19:43:10,838 | INFO | 🔄 Processing pure-Poisson Out-of-Fold Cross-Validation (Fold 7/10)...
2026-06-28 19:44:07,972 | INFO | 🔄 Processing pure-Poisson Out-of-Fold Cross-Validation (Fold 8/10)...
2026-06-28 19:45:19,314 | INFO | 🔄 Processing pure-Poisson Out-of-Fold Cross-Validation (Fold 9/10)...
2026-06-28 19:46:40,074 | INFO | 🔄 Processing pure-Poisson Out-of-Fold Cross-Validation (Fold 10/10)...
2026-06-28 19:48:37,329 | INFO | 🌲 Training dynamic XGBoost count model...
2026-06-28 19:48:37,330 | INFO | 🔄 Processing XGBoost Out-of-Fold Cross-Validation (Fold 1/10)...
2026-06-28 19:48:37,707 | INFO | 🔄 Processing XGBoost Out-of-Fold Cross-Validation (Fold 2/10)...
2026-06-28 19:48:37,796 | INFO | 🔄 Processing XGBoost Out-of-Fold Cross-Validation (Fold 3/10)...
2026-06-28 19:48:37,879 | INFO | 🔄 Processing XGBoost Out-of-Fold Cross-Validation (Fold 4/10)...
2026-06-28 19:48:37,959 | INFO | 🔄 Processing XGBoost Out-of-Fold Cross-Validation (Fold 5/10)...
2026-06-28 19:48:38,045 | INFO | 🔄 Processing XGBoost Out-of-Fold Cross-Validation (Fold 6/10)...
2026-06-28 19:48:38,154 | INFO | 🔄 Processing XGBoost Out-of-Fold Cross-Validation (Fold 7/10)...
2026-06-28 19:48:38,244 | INFO | 🔄 Processing XGBoost Out-of-Fold Cross-Validation (Fold 8/10)...
2026-06-28 19:48:38,349 | INFO | 🔄 Processing XGBoost Out-of-Fold Cross-Validation (Fold 9/10)...
2026-06-28 19:48:38,466 | INFO | 🔄 Processing XGBoost Out-of-Fold Cross-Validation (Fold 10/10)...
2026-06-28 19:48:38,817 | INFO | 🧠 Resolving weights via L2-Regularized Ridge Stacking Regressor...
2026-06-28 19:48:38,868 | INFO | ⚖️ Active Execution Weights: Poisson 0.463 | Elo 0.006 | XGBoost 0.533
2026-06-28 19:48:38,868 | INFO | 📊 Extracting final pre-tournament team form states...
2026-06-28 19:48:39,155 | INFO | 🌿 Advancing teams and resolving dynamic knockout bracket tree mappings...
2026-06-28 19:48:41,086 | INFO | 🏆 Deterministic path champion detected: ARGENTINA
2026-06-28 19:48:41,086 | INFO | 🎲 Spawning 10,000 Monte Carlo parallel universes...
2026-06-28 19:52:05,817 | INFO | 🔮 Stochastic path champion detected: ARGENTINA 21.4%
2026-06-28 19:52:05,818 | INFO | ⚔️ Spinning up Sandbox pairwise matrix computations...
2026-06-28 19:54:47,168 | INFO | 🌳 Constructing expected stochastic tournament bracket via xTables...
2026-06-28 19:54:47,191 | INFO | 🏁 Core pipeline orchestration completed successfully.
