2026-06-23 20:04:24,423 | INFO | ✈️  Running pre-flight checks...
2026-06-23 20:04:24,446 | INFO | ✅ PiT architecture verified. Zero leakage detected.
2026-06-23 20:04:24,446 | INFO | 🧹 FORCE_RETRAIN active. Evicting stale model caches and processed artifacts...
2026-06-23 20:04:24,446 | INFO | 🗑️ Removed artifacts directory: data/artifacts
2026-06-23 20:04:24,447 | INFO | 🗑️ Removed processed directory: data/processed
2026-06-23 20:04:24,447 | INFO | ♻️ Evicted raw historical asset to force fresh Kaggle pull: data/raw/former_names.csv
2026-06-23 20:04:24,447 | INFO | ♻️ Evicted raw historical asset to force fresh Kaggle pull: data/raw/results.csv
2026-06-23 20:04:24,447 | INFO | ♻️ Evicted raw historical asset to force fresh Kaggle pull: data/raw/shootouts.csv
2026-06-23 20:04:24,447 | WARNING | ⚠️  Missing local historical files. Initializing automated scraper...
2026-06-23 20:04:24,698 | INFO | 📥 Automated scraper ingestion completed successfully.
2026-06-23 20:04:24,698 | INFO | 🛠️  Patching structural and chronological anomalies in raw tournament blueprints...
2026-06-23 20:04:24,761 | INFO | ⚙️  Running entity validation and preparing historical features...
2026-06-23 20:04:25,144 | INFO | 🚀 Launching World Cup Prediction Pipeline [Engine: poisson]
2026-06-23 20:04:25,144 | INFO | 📈 Synchronizing continuous World Football Elo ratings through time...
2026-06-23 20:04:26,350 | INFO | 🧮 Resolving dixon_coles-Poisson Joint Maximum Likelihood Estimations...
2026-06-23 20:08:41,379 | INFO | 🔄 Processing dixon_coles-Poisson Out-of-Fold Cross-Validation (Fold 1/10)...
2026-06-23 20:09:12,840 | INFO | 🔄 Processing dixon_coles-Poisson Out-of-Fold Cross-Validation (Fold 2/10)...
2026-06-23 20:10:01,628 | INFO | 🔄 Processing dixon_coles-Poisson Out-of-Fold Cross-Validation (Fold 3/10)...
2026-06-23 20:11:03,886 | INFO | 🔄 Processing dixon_coles-Poisson Out-of-Fold Cross-Validation (Fold 4/10)...
2026-06-23 20:12:11,718 | INFO | 🔄 Processing dixon_coles-Poisson Out-of-Fold Cross-Validation (Fold 5/10)...
2026-06-23 20:13:27,209 | INFO | 🔄 Processing dixon_coles-Poisson Out-of-Fold Cross-Validation (Fold 6/10)...
2026-06-23 20:14:58,006 | INFO | 🔄 Processing dixon_coles-Poisson Out-of-Fold Cross-Validation (Fold 7/10)...
2026-06-23 20:16:59,754 | INFO | 🔄 Processing dixon_coles-Poisson Out-of-Fold Cross-Validation (Fold 8/10)...
2026-06-23 20:19:32,790 | INFO | 🔄 Processing dixon_coles-Poisson Out-of-Fold Cross-Validation (Fold 9/10)...
2026-06-23 20:22:32,258 | INFO | 🔄 Processing dixon_coles-Poisson Out-of-Fold Cross-Validation (Fold 10/10)...
2026-06-23 20:26:57,643 | INFO | 🌲 Training dynamic XGBoost count model...
2026-06-23 20:26:57,644 | INFO | 🔄 Processing XGBoost Out-of-Fold Cross-Validation (Fold 1/10)...
2026-06-23 20:26:58,355 | INFO | 🔄 Processing XGBoost Out-of-Fold Cross-Validation (Fold 2/10)...
2026-06-23 20:26:58,750 | INFO | 🔄 Processing XGBoost Out-of-Fold Cross-Validation (Fold 3/10)...
2026-06-23 20:26:59,124 | INFO | 🔄 Processing XGBoost Out-of-Fold Cross-Validation (Fold 4/10)...
2026-06-23 20:26:59,542 | INFO | 🔄 Processing XGBoost Out-of-Fold Cross-Validation (Fold 5/10)...
2026-06-23 20:26:59,953 | INFO | 🔄 Processing XGBoost Out-of-Fold Cross-Validation (Fold 6/10)...
2026-06-23 20:27:00,342 | INFO | 🔄 Processing XGBoost Out-of-Fold Cross-Validation (Fold 7/10)...
2026-06-23 20:27:00,752 | INFO | 🔄 Processing XGBoost Out-of-Fold Cross-Validation (Fold 8/10)...
2026-06-23 20:27:01,168 | INFO | 🔄 Processing XGBoost Out-of-Fold Cross-Validation (Fold 9/10)...
2026-06-23 20:27:01,594 | INFO | 🔄 Processing XGBoost Out-of-Fold Cross-Validation (Fold 10/10)...
2026-06-23 20:27:03,025 | INFO | ⚖️  Active Execution Weights: Poisson 1.000 | Elo 0.000 | XGBoost 0.000
2026-06-23 20:27:03,025 | INFO | 📊 Extracting final pre-tournament team form states...
2026-06-23 20:27:03,837 | INFO | 🌿 Advancing teams and resolving dynamic knockout bracket tree mappings...
2026-06-23 20:27:06,017 | INFO | 🏆 Deterministic path champion detected: SPAIN
2026-06-23 20:27:06,017 | INFO | 🎲 Spawning 10,000 Monte Carlo parallel universes...
2026-06-23 20:32:15,264 | INFO | 🔮 Stochastic path champion detected: SPAIN 17.6%
2026-06-23 20:32:15,265 | INFO | ⚔️  Spinning up Sandbox pairwise matrix computations...
2026-06-23 20:34:55,772 | INFO | 🌳 Constructing expected stochastic tournament bracket via xTables...
2026-06-23 20:34:55,795 | INFO | 🏁 Core pipeline orchestration completed successfully.
