2026-07-05 01:26:15,989 | INFO | ✈️ Running pre-flight checks...
2026-07-05 01:26:16,015 | INFO | ✅ PiT architecture verified. Zero leakage detected.
2026-07-05 01:26:16,015 | INFO | 🛠️  Patching structural and chronological anomalies in raw tournament blueprints...
2026-07-05 01:26:16,140 | INFO | ⚙️ Running entity validation and preparing historical features...
2026-07-05 01:26:16,570 | INFO | 🚀 Launching World Cup Prediction Pipeline [Engine: blend_ridge]
2026-07-05 01:26:16,570 | INFO | 📈 Synchronizing continuous World Football Elo ratings through time...
2026-07-05 01:26:17,920 | INFO | 🧮 Resolving pure-Poisson Joint Maximum Likelihood Estimations...
2026-07-05 01:26:17,921 | INFO | 💾 Cached pure-Poisson Out-of-Fold arrays detected. Skipping cross-validation loops...
2026-07-05 01:26:17,922 | INFO | 🌲 Training dynamic XGBoost count model...
2026-07-05 01:26:17,922 | INFO | 💾 Cached XGBoost Out-of-Fold arrays detected. Skipping cross-validation loops...
2026-07-05 01:26:18,325 | INFO | 🧠 Resolving weights via L2-Regularized Ridge Stacking Regressor...
2026-07-05 01:26:18,383 | INFO | ⚖️ Active Execution Weights: Poisson 0.463 | Elo 0.005 | XGBoost 0.534
2026-07-05 01:26:18,384 | INFO | 📊 Extracting final pre-tournament team form states...
2026-07-05 01:26:18,450 | INFO | 🌿 Advancing teams and resolving dynamic knockout bracket tree mappings...
2026-07-05 01:26:20,352 | INFO | 🏆 Deterministic path champion detected: SPAIN
2026-07-05 01:26:20,352 | INFO | 🎲 Spawning 10,000 Monte Carlo parallel universes...
2026-07-05 01:29:01,906 | INFO | 🔮 Stochastic path champion detected: ARGENTINA 19.4%
2026-07-05 01:29:01,907 | INFO | ⚔️ Spinning up Sandbox pairwise matrix computations...
2026-07-05 01:31:57,168 | INFO | 🌳 Constructing expected stochastic tournament bracket via xTables...
2026-07-05 01:31:57,263 | INFO | 🏁 Core pipeline orchestration completed successfully.
