2026-06-24 15:01:27,134 | INFO | ✈️ Running pre-flight checks...
2026-06-24 15:01:27,159 | INFO | ✅ PiT architecture verified. Zero leakage detected.
2026-06-24 15:01:27,160 | INFO | 🛠️  Patching structural and chronological anomalies in raw tournament blueprints...
2026-06-24 15:01:27,276 | INFO | ⚙️ Running entity validation and preparing historical features...
2026-06-24 15:01:27,702 | INFO | 🚀 Launching World Cup Prediction Pipeline [Engine: blend_ridge]
2026-06-24 15:01:27,703 | INFO | 📈 Synchronizing continuous World Football Elo ratings through time...
2026-06-24 15:01:28,982 | INFO | 🧮 Resolving pure-Poisson Joint Maximum Likelihood Estimations...
2026-06-24 15:03:27,051 | INFO | 🔄 Processing pure-Poisson Out-of-Fold Cross-Validation (Fold 1/10)...
2026-06-24 15:03:44,391 | INFO | 🔄 Processing pure-Poisson Out-of-Fold Cross-Validation (Fold 2/10)...
2026-06-24 15:04:12,591 | INFO | 🔄 Processing pure-Poisson Out-of-Fold Cross-Validation (Fold 3/10)...
2026-06-24 15:04:55,372 | INFO | 🔄 Processing pure-Poisson Out-of-Fold Cross-Validation (Fold 4/10)...
2026-06-24 15:05:36,307 | INFO | 🔄 Processing pure-Poisson Out-of-Fold Cross-Validation (Fold 5/10)...
2026-06-24 15:06:19,310 | INFO | 🔄 Processing pure-Poisson Out-of-Fold Cross-Validation (Fold 6/10)...
2026-06-24 15:07:08,875 | INFO | 🔄 Processing pure-Poisson Out-of-Fold Cross-Validation (Fold 7/10)...
2026-06-24 15:08:20,282 | INFO | 🔄 Processing pure-Poisson Out-of-Fold Cross-Validation (Fold 8/10)...
2026-06-24 15:10:02,277 | INFO | 🔄 Processing pure-Poisson Out-of-Fold Cross-Validation (Fold 9/10)...
2026-06-24 15:12:05,260 | INFO | 🔄 Processing pure-Poisson Out-of-Fold Cross-Validation (Fold 10/10)...
2026-06-24 15:14:25,201 | INFO | 🌲 Training dynamic XGBoost count model...
2026-06-24 15:14:25,203 | INFO | 🔄 Processing XGBoost Out-of-Fold Cross-Validation (Fold 1/10)...
2026-06-24 15:14:25,789 | INFO | 🔄 Processing XGBoost Out-of-Fold Cross-Validation (Fold 2/10)...
2026-06-24 15:14:26,012 | INFO | 🔄 Processing XGBoost Out-of-Fold Cross-Validation (Fold 3/10)...
2026-06-24 15:14:26,259 | INFO | 🔄 Processing XGBoost Out-of-Fold Cross-Validation (Fold 4/10)...
2026-06-24 15:14:26,501 | INFO | 🔄 Processing XGBoost Out-of-Fold Cross-Validation (Fold 5/10)...
2026-06-24 15:14:26,745 | INFO | 🔄 Processing XGBoost Out-of-Fold Cross-Validation (Fold 6/10)...
2026-06-24 15:14:26,994 | INFO | 🔄 Processing XGBoost Out-of-Fold Cross-Validation (Fold 7/10)...
2026-06-24 15:14:27,299 | INFO | 🔄 Processing XGBoost Out-of-Fold Cross-Validation (Fold 8/10)...
2026-06-24 15:14:27,620 | INFO | 🔄 Processing XGBoost Out-of-Fold Cross-Validation (Fold 9/10)...
2026-06-24 15:14:27,925 | INFO | 🔄 Processing XGBoost Out-of-Fold Cross-Validation (Fold 10/10)...
2026-06-24 15:14:28,990 | INFO | 🧠 Resolving weights via L2-Regularized Ridge Stacking Regressor...
2026-06-24 15:14:29,053 | INFO | ⚖️ Active Execution Weights: Poisson 0.463 | Elo 0.006 | XGBoost 0.533
2026-06-24 15:14:29,053 | INFO | 📊 Extracting final pre-tournament team form states...
2026-06-24 15:14:29,394 | INFO | 🌿 Advancing teams and resolving dynamic knockout bracket tree mappings...
2026-06-24 15:14:31,623 | INFO | 🏆 Deterministic path champion detected: ARGENTINA
2026-06-24 15:14:31,623 | INFO | 🎲 Spawning 10,000 Monte Carlo parallel universes...
2026-06-24 15:18:13,672 | INFO | 🔮 Stochastic path champion detected: ARGENTINA 22.4%
2026-06-24 15:18:13,673 | INFO | ⚔️ Spinning up Sandbox pairwise matrix computations...
2026-06-24 15:21:06,792 | INFO | 🌳 Constructing expected stochastic tournament bracket via xTables...
2026-06-24 15:21:06,818 | INFO | 🏁 Core pipeline orchestration completed successfully.
