2026-06-28 20:09:56,458 | INFO | ✈️ Running pre-flight checks...
2026-06-28 20:09:56,482 | INFO | ✅ PiT architecture verified. Zero leakage detected.
2026-06-28 20:09:56,482 | INFO | 🧹 FORCE_RETRAIN active. Evicting stale model caches and processed artifacts...
2026-06-28 20:09:56,482 | INFO | 🗑️ Removed artifacts directory: data/artifacts
2026-06-28 20:09:56,482 | INFO | 🗑️ Removed processed directory: data/processed
2026-06-28 20:09:56,482 | INFO | ♻️ Evicted raw historical asset to force fresh Kaggle pull: data/raw/former_names.csv
2026-06-28 20:09:56,483 | INFO | ♻️ Evicted raw historical asset to force fresh Kaggle pull: data/raw/results.csv
2026-06-28 20:09:56,483 | INFO | ♻️ Evicted raw historical asset to force fresh Kaggle pull: data/raw/shootouts.csv
2026-06-28 20:09:56,483 | WARNING | ⚠️ Missing local historical files. Initializing automated scraper...
2026-06-28 20:09:56,738 | INFO | 📥 Automated scraper ingestion completed successfully.
2026-06-28 20:09:56,738 | INFO | 🛠️  Patching structural and chronological anomalies in raw tournament blueprints...
2026-06-28 20:09:56,859 | INFO | ⚙️ Running entity validation and preparing historical features...
2026-06-28 20:09:57,248 | INFO | 🚀 Launching World Cup Prediction Pipeline [Engine: blend_ridge]
2026-06-28 20:09:57,248 | INFO | 📈 Synchronizing continuous World Football Elo ratings through time...
2026-06-28 20:09:58,452 | INFO | 🧮 Resolving pure-Poisson Joint Maximum Likelihood Estimations...
2026-06-28 20:11:54,153 | INFO | 🔄 Processing pure-Poisson Out-of-Fold Cross-Validation (Fold 1/10)...
2026-06-28 20:12:11,793 | INFO | 🔄 Processing pure-Poisson Out-of-Fold Cross-Validation (Fold 2/10)...
2026-06-28 20:12:39,983 | INFO | 🔄 Processing pure-Poisson Out-of-Fold Cross-Validation (Fold 3/10)...
2026-06-28 20:13:16,526 | INFO | 🔄 Processing pure-Poisson Out-of-Fold Cross-Validation (Fold 4/10)...
2026-06-28 20:13:54,150 | INFO | 🔄 Processing pure-Poisson Out-of-Fold Cross-Validation (Fold 5/10)...
2026-06-28 20:14:33,803 | INFO | 🔄 Processing pure-Poisson Out-of-Fold Cross-Validation (Fold 6/10)...
2026-06-28 20:15:20,409 | INFO | 🔄 Processing pure-Poisson Out-of-Fold Cross-Validation (Fold 7/10)...
2026-06-28 20:16:17,288 | INFO | 🔄 Processing pure-Poisson Out-of-Fold Cross-Validation (Fold 8/10)...
2026-06-28 20:17:28,568 | INFO | 🔄 Processing pure-Poisson Out-of-Fold Cross-Validation (Fold 9/10)...
2026-06-28 20:18:49,953 | INFO | 🔄 Processing pure-Poisson Out-of-Fold Cross-Validation (Fold 10/10)...
2026-06-28 20:20:46,701 | INFO | 🌲 Training dynamic XGBoost count model...
2026-06-28 20:20:46,702 | INFO | 🔄 Processing XGBoost Out-of-Fold Cross-Validation (Fold 1/10)...
2026-06-28 20:20:47,295 | INFO | 🔄 Processing XGBoost Out-of-Fold Cross-Validation (Fold 2/10)...
2026-06-28 20:20:47,573 | INFO | 🔄 Processing XGBoost Out-of-Fold Cross-Validation (Fold 3/10)...
2026-06-28 20:20:47,860 | INFO | 🔄 Processing XGBoost Out-of-Fold Cross-Validation (Fold 4/10)...
2026-06-28 20:20:48,152 | INFO | 🔄 Processing XGBoost Out-of-Fold Cross-Validation (Fold 5/10)...
2026-06-28 20:20:48,448 | INFO | 🔄 Processing XGBoost Out-of-Fold Cross-Validation (Fold 6/10)...
2026-06-28 20:20:48,753 | INFO | 🔄 Processing XGBoost Out-of-Fold Cross-Validation (Fold 7/10)...
2026-06-28 20:20:49,084 | INFO | 🔄 Processing XGBoost Out-of-Fold Cross-Validation (Fold 8/10)...
2026-06-28 20:20:49,399 | INFO | 🔄 Processing XGBoost Out-of-Fold Cross-Validation (Fold 9/10)...
2026-06-28 20:20:49,783 | INFO | 🔄 Processing XGBoost Out-of-Fold Cross-Validation (Fold 10/10)...
2026-06-28 20:20:50,909 | INFO | 🧠 Resolving weights via L2-Regularized Ridge Stacking Regressor...
2026-06-28 20:20:51,000 | INFO | ⚖️ Active Execution Weights: Poisson 0.462 | Elo 0.005 | XGBoost 0.535
2026-06-28 20:20:51,000 | INFO | 📊 Extracting final pre-tournament team form states...
2026-06-28 20:20:51,078 | INFO | 🌿 Advancing teams and resolving dynamic knockout bracket tree mappings...
2026-06-28 20:20:53,062 | INFO | 🏆 Deterministic path champion detected: ARGENTINA
2026-06-28 20:20:53,062 | INFO | 🎲 Spawning 10,000 Monte Carlo parallel universes...
2026-06-28 20:23:40,702 | INFO | 🔮 Stochastic path champion detected: ARGENTINA 24.1%
2026-06-28 20:23:40,703 | INFO | ⚔️ Spinning up Sandbox pairwise matrix computations...
2026-06-28 20:26:21,336 | INFO | 🌳 Constructing expected stochastic tournament bracket via xTables...
2026-06-28 20:26:21,359 | INFO | 🏁 Core pipeline orchestration completed successfully.
