2026-06-21 18:07:50,620 | INFO | ✈️  Running pre-flight checks...
2026-06-21 18:07:50,644 | INFO | ✅ PiT architecture verified. Zero leakage detected.
2026-06-21 18:07:50,644 | INFO | 🧹 FORCE_RETRAIN active. Evicting stale model caches and processed artifacts...
2026-06-21 18:07:50,645 | INFO | ⚙️  Running entity validation and preparing historical features...
2026-06-21 18:07:50,841 | INFO | 🚀 Launching World Cup Prediction Pipeline [Engine: blend_scipy]
2026-06-21 18:07:50,842 | INFO | 📈 Synchronizing continuous World Football Elo ratings through time...
2026-06-21 18:07:52,014 | INFO | 🧮 Resolving pure-Poisson Joint Maximum Likelihood Estimations...
2026-06-21 18:09:49,071 | INFO | 🔄 Processing pure-Poisson Out-of-Fold Cross-Validation (Fold 1/10)...
2026-06-21 18:10:07,513 | INFO | 🔄 Processing pure-Poisson Out-of-Fold Cross-Validation (Fold 2/10)...
2026-06-21 18:10:35,942 | INFO | 🔄 Processing pure-Poisson Out-of-Fold Cross-Validation (Fold 3/10)...
2026-06-21 18:11:13,216 | INFO | 🔄 Processing pure-Poisson Out-of-Fold Cross-Validation (Fold 4/10)...
2026-06-21 18:11:51,086 | INFO | 🔄 Processing pure-Poisson Out-of-Fold Cross-Validation (Fold 5/10)...
2026-06-21 18:12:31,175 | INFO | 🔄 Processing pure-Poisson Out-of-Fold Cross-Validation (Fold 6/10)...
2026-06-21 18:13:18,330 | INFO | 🔄 Processing pure-Poisson Out-of-Fold Cross-Validation (Fold 7/10)...
2026-06-21 18:14:18,810 | INFO | 🔄 Processing pure-Poisson Out-of-Fold Cross-Validation (Fold 8/10)...
2026-06-21 18:15:31,052 | INFO | 🔄 Processing pure-Poisson Out-of-Fold Cross-Validation (Fold 9/10)...
2026-06-21 18:16:53,911 | INFO | 🔄 Processing pure-Poisson Out-of-Fold Cross-Validation (Fold 10/10)...
2026-06-21 18:18:54,202 | INFO | 🌲 Training dynamic XGBoost count model...
2026-06-21 18:18:54,203 | INFO | 🔄 Processing XGBoost Out-of-Fold Cross-Validation (Fold 1/10)...
2026-06-21 18:18:54,568 | INFO | 🔄 Processing XGBoost Out-of-Fold Cross-Validation (Fold 2/10)...
2026-06-21 18:18:54,639 | INFO | 🔄 Processing XGBoost Out-of-Fold Cross-Validation (Fold 3/10)...
2026-06-21 18:18:54,710 | INFO | 🔄 Processing XGBoost Out-of-Fold Cross-Validation (Fold 4/10)...
2026-06-21 18:18:54,787 | INFO | 🔄 Processing XGBoost Out-of-Fold Cross-Validation (Fold 5/10)...
2026-06-21 18:18:54,881 | INFO | 🔄 Processing XGBoost Out-of-Fold Cross-Validation (Fold 6/10)...
2026-06-21 18:18:54,972 | INFO | 🔄 Processing XGBoost Out-of-Fold Cross-Validation (Fold 7/10)...
2026-06-21 18:18:55,056 | INFO | 🔄 Processing XGBoost Out-of-Fold Cross-Validation (Fold 8/10)...
2026-06-21 18:18:55,156 | INFO | 🔄 Processing XGBoost Out-of-Fold Cross-Validation (Fold 9/10)...
2026-06-21 18:18:55,252 | INFO | 🔄 Processing XGBoost Out-of-Fold Cross-Validation (Fold 10/10)...
2026-06-21 18:18:55,558 | INFO | 🧩 Resolving weights via SciPy Bounded SLSQP solver...
2026-06-21 18:18:55,570 | INFO | ⚖️  Active Execution Weights: Poisson 0.466 | Elo 0.000 | XGBoost 0.534
2026-06-21 18:18:55,570 | INFO | 📊 Extracting final pre-tournament team form states...
2026-06-21 18:18:56,310 | INFO | 🌿 Advancing teams and resolving dynamic knockout bracket tree mappings...
2026-06-21 18:18:56,610 | INFO | 🏆 Deterministic path champion detected: SPAIN
2026-06-21 18:18:56,610 | INFO | 🎲 Spawning 10,000 Monte Carlo parallel universes...
2026-06-21 18:23:22,529 | INFO | 🔮 Stochastic path champion detected: SPAIN 18.0%
2026-06-21 18:23:22,530 | INFO | ⚔️  Spinning up Sandbox pairwise matrix computations...
2026-06-21 18:26:02,675 | INFO | 🌳 Constructing expected stochastic tournament bracket via xTables...
2026-06-21 18:26:02,697 | INFO | 🏁 Core pipeline orchestration completed successfully.
