2026-06-24 02:42:39,087 | INFO | ✈️ Running pre-flight checks...
2026-06-24 02:42:39,110 | INFO | ✅ PiT architecture verified. Zero leakage detected.
2026-06-24 02:42:39,110 | INFO | 🛠️  Patching structural and chronological anomalies in raw tournament blueprints...
2026-06-24 02:42:39,222 | INFO | ⚙️ Running entity validation and preparing historical features...
2026-06-24 02:42:39,616 | INFO | 🚀 Launching World Cup Prediction Pipeline [Engine: blend_ridge]
2026-06-24 02:42:39,616 | INFO | 📈 Synchronizing continuous World Football Elo ratings through time...
2026-06-24 02:42:40,819 | INFO | 🧮 Resolving pure-Poisson Joint Maximum Likelihood Estimations...
2026-06-24 02:42:40,820 | INFO | 💾 Cached pure-Poisson Out-of-Fold arrays detected. Skipping cross-validation loops...
2026-06-24 02:42:40,820 | INFO | 🌲 Training dynamic XGBoost count model...
2026-06-24 02:42:40,820 | INFO | 💾 Cached XGBoost Out-of-Fold arrays detected. Skipping cross-validation loops...
2026-06-24 02:42:41,053 | INFO | 🧠 Resolving weights via L2-Regularized Ridge Stacking Regressor...
2026-06-24 02:42:41,105 | INFO | ⚖️ Active Execution Weights: Poisson 0.467 | Elo 0.000 | XGBoost 0.535
2026-06-24 02:42:41,105 | INFO | 📊 Extracting final pre-tournament team form states...
2026-06-24 02:42:41,635 | INFO | 🌿 Advancing teams and resolving dynamic knockout bracket tree mappings...
2026-06-24 02:42:43,790 | INFO | 🏆 Deterministic path champion detected: ARGENTINA
2026-06-24 02:42:43,790 | INFO | 🎲 Spawning 10,000 Monte Carlo parallel universes...
2026-06-24 02:46:52,252 | INFO | 🔮 Stochastic path champion detected: ARGENTINA 18.3%
2026-06-24 02:46:52,253 | INFO | ⚔️ Spinning up Sandbox pairwise matrix computations...
2026-06-24 02:49:44,328 | INFO | 🌳 Constructing expected stochastic tournament bracket via xTables...
2026-06-24 02:49:44,352 | INFO | 🏁 Core pipeline orchestration completed successfully.
