2026-06-28 17:56:58,390 | INFO | ✈️ Running pre-flight checks...
2026-06-28 17:56:58,419 | INFO | ✅ PiT architecture verified. Zero leakage detected.
2026-06-28 17:56:58,419 | INFO | 🧹 FORCE_RETRAIN active. Evicting stale model caches and processed artifacts...
2026-06-28 17:56:58,423 | INFO | 🗑️ Removed artifacts directory: data/artifacts
2026-06-28 17:56:58,423 | INFO | 🗑️ Removed processed directory: data/processed
2026-06-28 17:56:58,424 | INFO | ♻️ Evicted raw historical asset to force fresh Kaggle pull: data/raw/former_names.csv
2026-06-28 17:56:58,425 | INFO | ♻️ Evicted raw historical asset to force fresh Kaggle pull: data/raw/results.csv
2026-06-28 17:56:58,425 | INFO | ♻️ Evicted raw historical asset to force fresh Kaggle pull: data/raw/shootouts.csv
2026-06-28 17:56:58,425 | WARNING | ⚠️ Missing local historical files. Initializing automated scraper...
2026-06-28 17:56:58,953 | INFO | 📥 Automated scraper ingestion completed successfully.
2026-06-28 17:56:58,953 | INFO | 🛠️  Patching structural and chronological anomalies in raw tournament blueprints...
2026-06-28 17:56:59,023 | INFO | ⚙️ Running entity validation and preparing historical features...
2026-06-28 17:56:59,434 | INFO | 🚀 Launching World Cup Prediction Pipeline [Engine: blend_ridge]
2026-06-28 17:56:59,434 | INFO | 📈 Synchronizing continuous World Football Elo ratings through time...
2026-06-28 17:57:00,671 | INFO | 🧮 Resolving pure-Poisson Joint Maximum Likelihood Estimations...
2026-06-28 17:58:55,073 | INFO | 🔄 Processing pure-Poisson Out-of-Fold Cross-Validation (Fold 1/10)...
2026-06-28 17:59:12,662 | INFO | 🔄 Processing pure-Poisson Out-of-Fold Cross-Validation (Fold 2/10)...
2026-06-28 17:59:40,096 | INFO | 🔄 Processing pure-Poisson Out-of-Fold Cross-Validation (Fold 3/10)...
2026-06-28 18:00:15,793 | INFO | 🔄 Processing pure-Poisson Out-of-Fold Cross-Validation (Fold 4/10)...
2026-06-28 18:00:52,556 | INFO | 🔄 Processing pure-Poisson Out-of-Fold Cross-Validation (Fold 5/10)...
2026-06-28 18:01:31,291 | INFO | 🔄 Processing pure-Poisson Out-of-Fold Cross-Validation (Fold 6/10)...
2026-06-28 18:02:16,917 | INFO | 🔄 Processing pure-Poisson Out-of-Fold Cross-Validation (Fold 7/10)...
2026-06-28 18:03:13,904 | INFO | 🔄 Processing pure-Poisson Out-of-Fold Cross-Validation (Fold 8/10)...
2026-06-28 18:04:23,443 | INFO | 🔄 Processing pure-Poisson Out-of-Fold Cross-Validation (Fold 9/10)...
2026-06-28 18:05:44,173 | INFO | 🔄 Processing pure-Poisson Out-of-Fold Cross-Validation (Fold 10/10)...
2026-06-28 18:07:44,180 | INFO | 🌲 Training dynamic XGBoost count model...
2026-06-28 18:07:44,181 | INFO | 🔄 Processing XGBoost Out-of-Fold Cross-Validation (Fold 1/10)...
2026-06-28 18:07:44,503 | INFO | 🔄 Processing XGBoost Out-of-Fold Cross-Validation (Fold 2/10)...
2026-06-28 18:07:44,579 | INFO | 🔄 Processing XGBoost Out-of-Fold Cross-Validation (Fold 3/10)...
2026-06-28 18:07:44,657 | INFO | 🔄 Processing XGBoost Out-of-Fold Cross-Validation (Fold 4/10)...
2026-06-28 18:07:44,735 | INFO | 🔄 Processing XGBoost Out-of-Fold Cross-Validation (Fold 5/10)...
2026-06-28 18:07:44,828 | INFO | 🔄 Processing XGBoost Out-of-Fold Cross-Validation (Fold 6/10)...
2026-06-28 18:07:44,912 | INFO | 🔄 Processing XGBoost Out-of-Fold Cross-Validation (Fold 7/10)...
2026-06-28 18:07:44,996 | INFO | 🔄 Processing XGBoost Out-of-Fold Cross-Validation (Fold 8/10)...
2026-06-28 18:07:45,093 | INFO | 🔄 Processing XGBoost Out-of-Fold Cross-Validation (Fold 9/10)...
2026-06-28 18:07:45,186 | INFO | 🔄 Processing XGBoost Out-of-Fold Cross-Validation (Fold 10/10)...
2026-06-28 18:07:45,492 | INFO | 🧠 Resolving weights via L2-Regularized Ridge Stacking Regressor...
2026-06-28 18:07:45,558 | INFO | ⚖️ Active Execution Weights: Poisson 0.467 | Elo 0.004 | XGBoost 0.531
2026-06-28 18:07:45,558 | INFO | 📊 Extracting final pre-tournament team form states...
2026-06-28 18:07:46,307 | INFO | 🌿 Advancing teams and resolving dynamic knockout bracket tree mappings...
2026-06-28 18:07:48,206 | INFO | 🏆 Deterministic path champion detected: SPAIN
2026-06-28 18:07:48,206 | INFO | 🎲 Spawning 10,000 Monte Carlo parallel universes...
2026-06-28 18:12:12,099 | INFO | 🔮 Stochastic path champion detected: SPAIN 17.5%
2026-06-28 18:12:12,100 | INFO | ⚔️ Spinning up Sandbox pairwise matrix computations...
2026-06-28 18:14:52,634 | INFO | 🌳 Constructing expected stochastic tournament bracket via xTables...
2026-06-28 18:14:52,657 | INFO | 🏁 Core pipeline orchestration completed successfully.
