2026-07-08 00:33:04,276 | INFO | ✈️ Running pre-flight checks...
2026-07-08 00:33:04,301 | INFO | ✅ PiT architecture verified. Zero leakage detected.
2026-07-08 00:33:04,302 | INFO | 🧹 FORCE_RETRAIN active. Evicting stale model caches and processed artifacts...
2026-07-08 00:33:04,303 | INFO | 🗑️ Removed processed directory: data/processed
2026-07-08 00:33:04,304 | INFO | ♻️ Evicted raw historical asset to force fresh Kaggle pull: data/raw/former_names.csv
2026-07-08 00:33:04,304 | INFO | ♻️ Evicted raw historical asset to force fresh Kaggle pull: data/raw/results.csv
2026-07-08 00:33:04,304 | INFO | ♻️ Evicted raw historical asset to force fresh Kaggle pull: data/raw/shootouts.csv
2026-07-08 00:33:04,304 | WARNING | ⚠️ Missing local historical files. Initializing automated scraper...
2026-07-08 00:33:04,587 | INFO | 📥 Automated scraper ingestion completed successfully.
2026-07-08 00:33:04,587 | INFO | 🛠️  Patching structural and chronological anomalies in raw tournament blueprints...
2026-07-08 00:33:04,710 | INFO | ⚙️ Running entity validation and preparing historical features...
2026-07-08 00:33:05,124 | INFO | 🚀 Launching World Cup Prediction Pipeline [Engine: blend_ridge]
2026-07-08 00:33:05,124 | INFO | 📈 Synchronizing continuous World Football Elo ratings through time...
2026-07-08 00:33:06,358 | INFO | 🧮 Resolving pure-Poisson Joint Maximum Likelihood Estimations...
2026-07-08 00:35:18,458 | INFO | 🔄 Processing pure-Poisson Out-of-Fold Cross-Validation (Fold 1/10)...
2026-07-08 00:35:37,204 | INFO | 🔄 Processing pure-Poisson Out-of-Fold Cross-Validation (Fold 2/10)...
2026-07-08 00:36:09,001 | INFO | 🔄 Processing pure-Poisson Out-of-Fold Cross-Validation (Fold 3/10)...
2026-07-08 00:36:57,675 | INFO | 🔄 Processing pure-Poisson Out-of-Fold Cross-Validation (Fold 4/10)...
2026-07-08 00:37:40,846 | INFO | 🔄 Processing pure-Poisson Out-of-Fold Cross-Validation (Fold 5/10)...
2026-07-08 00:38:22,258 | INFO | 🔄 Processing pure-Poisson Out-of-Fold Cross-Validation (Fold 6/10)...
2026-07-08 00:39:10,870 | INFO | 🔄 Processing pure-Poisson Out-of-Fold Cross-Validation (Fold 7/10)...
2026-07-08 00:40:11,777 | INFO | 🔄 Processing pure-Poisson Out-of-Fold Cross-Validation (Fold 8/10)...
2026-07-08 00:41:23,797 | INFO | 🔄 Processing pure-Poisson Out-of-Fold Cross-Validation (Fold 9/10)...
2026-07-08 00:42:45,223 | INFO | 🔄 Processing pure-Poisson Out-of-Fold Cross-Validation (Fold 10/10)...
2026-07-08 00:44:45,363 | INFO | 🌲 Training dynamic XGBoost count model...
2026-07-08 00:44:45,364 | INFO | 🔄 Processing XGBoost Out-of-Fold Cross-Validation (Fold 1/10)...
2026-07-08 00:44:45,717 | INFO | 🔄 Processing XGBoost Out-of-Fold Cross-Validation (Fold 2/10)...
2026-07-08 00:44:45,790 | INFO | 🔄 Processing XGBoost Out-of-Fold Cross-Validation (Fold 3/10)...
2026-07-08 00:44:45,874 | INFO | 🔄 Processing XGBoost Out-of-Fold Cross-Validation (Fold 4/10)...
2026-07-08 00:44:45,954 | INFO | 🔄 Processing XGBoost Out-of-Fold Cross-Validation (Fold 5/10)...
2026-07-08 00:44:46,066 | INFO | 🔄 Processing XGBoost Out-of-Fold Cross-Validation (Fold 6/10)...
2026-07-08 00:44:46,155 | INFO | 🔄 Processing XGBoost Out-of-Fold Cross-Validation (Fold 7/10)...
2026-07-08 00:44:46,254 | INFO | 🔄 Processing XGBoost Out-of-Fold Cross-Validation (Fold 8/10)...
2026-07-08 00:44:46,348 | INFO | 🔄 Processing XGBoost Out-of-Fold Cross-Validation (Fold 9/10)...
2026-07-08 00:44:46,459 | INFO | 🔄 Processing XGBoost Out-of-Fold Cross-Validation (Fold 10/10)...
2026-07-08 00:44:46,771 | INFO | 🧠 Resolving weights via L2-Regularized Ridge Stacking Regressor...
2026-07-08 00:44:46,818 | INFO | ⚖️ Active Execution Weights: Poisson 0.464 | Elo 0.006 | XGBoost 0.532
2026-07-08 00:44:46,818 | INFO | 📊 Extracting final pre-tournament team form states...
2026-07-08 00:44:46,875 | INFO | 🌿 Advancing teams and resolving dynamic knockout bracket tree mappings...
2026-07-08 00:44:48,450 | INFO | 🏆 Deterministic path champion detected: SPAIN
2026-07-08 00:44:48,450 | INFO | 🎲 Spawning 10,000 Monte Carlo parallel universes...
2026-07-08 00:47:04,875 | INFO | 🔮 Stochastic path champion detected: SPAIN 26.9%
2026-07-08 00:47:04,876 | INFO | ⚔️ Spinning up Sandbox pairwise matrix computations...
2026-07-08 00:49:44,742 | INFO | 🌳 Constructing expected stochastic tournament bracket via xTables...
2026-07-08 00:49:44,823 | INFO | 🏁 Core pipeline orchestration completed successfully.
