2026-06-22 18:27:18,117 | INFO | ✈️  Running pre-flight checks...
2026-06-22 18:27:18,141 | INFO | ✅ PiT architecture verified. Zero leakage detected.
2026-06-22 18:27:18,141 | INFO | 🛠️  Patching structural and chronological anomalies in raw tournament blueprints...
2026-06-22 18:27:18,146 | INFO | ⚙️  Running entity validation and preparing historical features...
2026-06-22 18:27:18,340 | INFO | 🚀 Launching World Cup Prediction Pipeline [Engine: blend_scipy]
2026-06-22 18:27:18,340 | INFO | 📈 Synchronizing continuous World Football Elo ratings through time...
2026-06-22 18:27:19,552 | INFO | 🧮 Resolving pure-Poisson Joint Maximum Likelihood Estimations...
2026-06-22 18:27:19,553 | INFO | 💾 Cached pure-Poisson Out-of-Fold arrays detected. Skipping cross-validation loops...
2026-06-22 18:27:19,554 | INFO | 🌲 Training dynamic XGBoost count model...
2026-06-22 18:27:19,554 | INFO | 💾 Cached XGBoost Out-of-Fold arrays detected. Skipping cross-validation loops...
2026-06-22 18:27:19,830 | INFO | 🧩 Resolving weights via SciPy Bounded SLSQP solver...
2026-06-22 18:27:19,843 | INFO | ⚖️  Active Execution Weights: Poisson 0.466 | Elo 0.000 | XGBoost 0.534
2026-06-22 18:27:19,843 | INFO | 📊 Extracting final pre-tournament team form states...
2026-06-22 18:27:20,561 | INFO | 🌿 Advancing teams and resolving dynamic knockout bracket tree mappings...
2026-06-22 18:27:20,870 | INFO | 🏆 Deterministic path champion detected: SPAIN
2026-06-22 18:27:20,870 | INFO | 🎲 Spawning 10,000 Monte Carlo parallel universes...
2026-06-22 18:31:42,819 | INFO | 🔮 Stochastic path champion detected: SPAIN 17.7%
2026-06-22 18:31:42,820 | INFO | ⚔️  Spinning up Sandbox pairwise matrix computations...
2026-06-22 18:34:25,665 | INFO | 🌳 Constructing expected stochastic tournament bracket via xTables...
2026-06-22 18:34:25,689 | INFO | 🏁 Core pipeline orchestration completed successfully.
