2026-06-22 17:40:11,121 | INFO | ✈️  Running pre-flight checks...
2026-06-22 17:40:11,145 | INFO | ✅ PiT architecture verified. Zero leakage detected.
2026-06-22 17:40:11,145 | INFO | 🛠️  Patching structural and chronological anomalies in raw tournament blueprints...
2026-06-22 17:40:11,150 | INFO | ⚙️  Running entity validation and preparing historical features...
2026-06-22 17:40:11,347 | INFO | 🚀 Launching World Cup Prediction Pipeline [Engine: poisson]
2026-06-22 17:40:11,347 | INFO | 📈 Synchronizing continuous World Football Elo ratings through time...
2026-06-22 17:40:12,554 | INFO | 🧮 Resolving dixon_coles-Poisson Joint Maximum Likelihood Estimations...
2026-06-22 17:44:25,955 | INFO | 🔄 Processing dixon_coles-Poisson Out-of-Fold Cross-Validation (Fold 1/10)...
2026-06-22 17:44:57,240 | INFO | 🔄 Processing dixon_coles-Poisson Out-of-Fold Cross-Validation (Fold 2/10)...
2026-06-22 17:45:46,808 | INFO | 🔄 Processing dixon_coles-Poisson Out-of-Fold Cross-Validation (Fold 3/10)...
2026-06-22 17:46:49,773 | INFO | 🔄 Processing dixon_coles-Poisson Out-of-Fold Cross-Validation (Fold 4/10)...
2026-06-22 17:47:58,345 | INFO | 🔄 Processing dixon_coles-Poisson Out-of-Fold Cross-Validation (Fold 5/10)...
2026-06-22 17:49:14,759 | INFO | 🔄 Processing dixon_coles-Poisson Out-of-Fold Cross-Validation (Fold 6/10)...
2026-06-22 17:50:46,919 | INFO | 🔄 Processing dixon_coles-Poisson Out-of-Fold Cross-Validation (Fold 7/10)...
2026-06-22 17:52:47,528 | INFO | 🔄 Processing dixon_coles-Poisson Out-of-Fold Cross-Validation (Fold 8/10)...
2026-06-22 17:55:19,087 | INFO | 🔄 Processing dixon_coles-Poisson Out-of-Fold Cross-Validation (Fold 9/10)...
2026-06-22 17:58:13,365 | INFO | 🔄 Processing dixon_coles-Poisson Out-of-Fold Cross-Validation (Fold 10/10)...
2026-06-22 18:02:31,470 | INFO | 🌲 Training dynamic XGBoost count model...
2026-06-22 18:02:31,470 | INFO | 💾 Cached XGBoost Out-of-Fold arrays detected. Skipping cross-validation loops...
2026-06-22 18:02:31,750 | INFO | ⚖️  Active Execution Weights: Poisson 1.000 | Elo 0.000 | XGBoost 0.000
2026-06-22 18:02:31,750 | INFO | 📊 Extracting final pre-tournament team form states...
2026-06-22 18:02:32,488 | INFO | 🌿 Advancing teams and resolving dynamic knockout bracket tree mappings...
2026-06-22 18:02:32,807 | INFO | 🏆 Deterministic path champion detected: SPAIN
2026-06-22 18:02:32,807 | INFO | 🎲 Spawning 10,000 Monte Carlo parallel universes...
2026-06-22 18:06:56,062 | INFO | 🔮 Stochastic path champion detected: SPAIN 17.6%
2026-06-22 18:06:56,063 | INFO | ⚔️  Spinning up Sandbox pairwise matrix computations...
2026-06-22 18:09:29,186 | INFO | 🌳 Constructing expected stochastic tournament bracket via xTables...
2026-06-22 18:09:29,208 | INFO | 🏁 Core pipeline orchestration completed successfully.
