2026-06-22 18:18:52,358 | INFO | ✈️  Running pre-flight checks...
2026-06-22 18:18:52,384 | INFO | ✅ PiT architecture verified. Zero leakage detected.
2026-06-22 18:18:52,384 | INFO | 🛠️  Patching structural and chronological anomalies in raw tournament blueprints...
2026-06-22 18:18:52,389 | INFO | ⚙️  Running entity validation and preparing historical features...
2026-06-22 18:18:52,586 | INFO | 🚀 Launching World Cup Prediction Pipeline [Engine: blend_ridge]
2026-06-22 18:18:52,586 | INFO | 📈 Synchronizing continuous World Football Elo ratings through time...
2026-06-22 18:18:53,786 | INFO | 🧮 Resolving pure-Poisson Joint Maximum Likelihood Estimations...
2026-06-22 18:18:53,786 | INFO | 💾 Cached pure-Poisson Out-of-Fold arrays detected. Skipping cross-validation loops...
2026-06-22 18:18:53,787 | INFO | 🌲 Training dynamic XGBoost count model...
2026-06-22 18:18:53,787 | INFO | 💾 Cached XGBoost Out-of-Fold arrays detected. Skipping cross-validation loops...
2026-06-22 18:18:54,053 | INFO | 🧠 Resolving weights via L2-Regularized Ridge Stacking Regressor...
2026-06-22 18:18:54,117 | INFO | ⚖️  Active Execution Weights: Poisson 0.465 | Elo 0.000 | XGBoost 0.536
2026-06-22 18:18:54,117 | INFO | 📊 Extracting final pre-tournament team form states...
2026-06-22 18:18:54,853 | INFO | 🌿 Advancing teams and resolving dynamic knockout bracket tree mappings...
2026-06-22 18:18:55,157 | INFO | 🏆 Deterministic path champion detected: SPAIN
2026-06-22 18:18:55,157 | INFO | 🎲 Spawning 10,000 Monte Carlo parallel universes...
2026-06-22 18:23:15,152 | INFO | 🔮 Stochastic path champion detected: SPAIN 17.6%
2026-06-22 18:23:15,153 | INFO | ⚔️  Spinning up Sandbox pairwise matrix computations...
2026-06-22 18:25:56,396 | INFO | 🌳 Constructing expected stochastic tournament bracket via xTables...
2026-06-22 18:25:56,419 | INFO | 🏁 Core pipeline orchestration completed successfully.
