2026-06-21 18:52:07,446 | INFO | ✈️  Running pre-flight checks...
2026-06-21 18:52:07,471 | INFO | ✅ PiT architecture verified. Zero leakage detected.
2026-06-21 18:52:07,471 | INFO | 🧹 FORCE_RETRAIN active. Evicting stale model caches and processed artifacts...
2026-06-21 18:52:07,473 | INFO | ⚙️  Running entity validation and preparing historical features...
2026-06-21 18:52:07,680 | INFO | 🚀 Launching World Cup Prediction Pipeline [Engine: blend_ridge]
2026-06-21 18:52:07,680 | INFO | 📈 Synchronizing continuous World Football Elo ratings through time...
2026-06-21 18:52:08,844 | INFO | 🧮 Resolving pure-Poisson Joint Maximum Likelihood Estimations...
2026-06-21 18:54:05,116 | INFO | 🔄 Processing pure-Poisson Out-of-Fold Cross-Validation (Fold 1/10)...
2026-06-21 18:54:23,356 | INFO | 🔄 Processing pure-Poisson Out-of-Fold Cross-Validation (Fold 2/10)...
2026-06-21 18:54:52,330 | INFO | 🔄 Processing pure-Poisson Out-of-Fold Cross-Validation (Fold 3/10)...
2026-06-21 18:55:31,436 | INFO | 🔄 Processing pure-Poisson Out-of-Fold Cross-Validation (Fold 4/10)...
2026-06-21 18:56:10,037 | INFO | 🔄 Processing pure-Poisson Out-of-Fold Cross-Validation (Fold 5/10)...
2026-06-21 18:56:50,693 | INFO | 🔄 Processing pure-Poisson Out-of-Fold Cross-Validation (Fold 6/10)...
2026-06-21 18:57:38,101 | INFO | 🔄 Processing pure-Poisson Out-of-Fold Cross-Validation (Fold 7/10)...
2026-06-21 18:58:37,884 | INFO | 🔄 Processing pure-Poisson Out-of-Fold Cross-Validation (Fold 8/10)...
2026-06-21 18:59:50,371 | INFO | 🔄 Processing pure-Poisson Out-of-Fold Cross-Validation (Fold 9/10)...
2026-06-21 19:01:14,399 | INFO | 🔄 Processing pure-Poisson Out-of-Fold Cross-Validation (Fold 10/10)...
2026-06-21 19:03:15,943 | INFO | 🌲 Training dynamic XGBoost count model...
2026-06-21 19:03:15,945 | INFO | 🔄 Processing XGBoost Out-of-Fold Cross-Validation (Fold 1/10)...
2026-06-21 19:03:16,320 | INFO | 🔄 Processing XGBoost Out-of-Fold Cross-Validation (Fold 2/10)...
2026-06-21 19:03:16,417 | INFO | 🔄 Processing XGBoost Out-of-Fold Cross-Validation (Fold 3/10)...
2026-06-21 19:03:16,569 | INFO | 🔄 Processing XGBoost Out-of-Fold Cross-Validation (Fold 4/10)...
2026-06-21 19:03:16,657 | INFO | 🔄 Processing XGBoost Out-of-Fold Cross-Validation (Fold 5/10)...
2026-06-21 19:03:16,761 | INFO | 🔄 Processing XGBoost Out-of-Fold Cross-Validation (Fold 6/10)...
2026-06-21 19:03:16,858 | INFO | 🔄 Processing XGBoost Out-of-Fold Cross-Validation (Fold 7/10)...
2026-06-21 19:03:16,956 | INFO | 🔄 Processing XGBoost Out-of-Fold Cross-Validation (Fold 8/10)...
2026-06-21 19:03:17,060 | INFO | 🔄 Processing XGBoost Out-of-Fold Cross-Validation (Fold 9/10)...
2026-06-21 19:03:17,169 | INFO | 🔄 Processing XGBoost Out-of-Fold Cross-Validation (Fold 10/10)...
2026-06-21 19:03:17,522 | INFO | 🧠 Resolving weights via L2-Regularized Ridge Stacking Regressor...
2026-06-21 19:03:17,570 | INFO | ⚖️  Active Execution Weights: Poisson 0.465 | Elo 0.000 | XGBoost 0.536
2026-06-21 19:03:17,570 | INFO | 📊 Extracting final pre-tournament team form states...
2026-06-21 19:03:18,320 | INFO | 🌿 Advancing teams and resolving dynamic knockout bracket tree mappings...
2026-06-21 19:03:18,627 | INFO | 🏆 Deterministic path champion detected: SPAIN
2026-06-21 19:03:18,627 | INFO | 🎲 Spawning 10,000 Monte Carlo parallel universes...
2026-06-21 19:07:49,879 | INFO | 🔮 Stochastic path champion detected: SPAIN 17.7%
2026-06-21 19:07:49,880 | INFO | ⚔️  Spinning up Sandbox pairwise matrix computations...
2026-06-21 19:10:30,407 | INFO | 🌳 Constructing expected stochastic tournament bracket via xTables...
2026-06-21 19:10:30,430 | INFO | 🏁 Core pipeline orchestration completed successfully.
