2026-07-04 20:42:59,944 | INFO | ✈️ Running pre-flight checks...
2026-07-04 20:42:59,976 | INFO | ✅ PiT architecture verified. Zero leakage detected.
2026-07-04 20:42:59,976 | INFO | 🛠️  Patching structural and chronological anomalies in raw tournament blueprints...
2026-07-04 20:43:00,115 | INFO | ⚙️ Running entity validation and preparing historical features...
2026-07-04 20:43:00,554 | INFO | 🚀 Launching World Cup Prediction Pipeline [Engine: blend_ridge]
2026-07-04 20:43:00,554 | INFO | 📈 Synchronizing continuous World Football Elo ratings through time...
2026-07-04 20:43:01,876 | INFO | 🧮 Resolving pure-Poisson Joint Maximum Likelihood Estimations...
2026-07-04 20:45:23,954 | INFO | 🔄 Processing pure-Poisson Out-of-Fold Cross-Validation (Fold 1/10)...
2026-07-04 20:45:47,065 | INFO | 🔄 Processing pure-Poisson Out-of-Fold Cross-Validation (Fold 2/10)...
2026-07-04 20:46:28,030 | INFO | 🔄 Processing pure-Poisson Out-of-Fold Cross-Validation (Fold 3/10)...
2026-07-04 20:47:17,963 | INFO | 🔄 Processing pure-Poisson Out-of-Fold Cross-Validation (Fold 4/10)...
2026-07-04 20:48:05,441 | INFO | 🔄 Processing pure-Poisson Out-of-Fold Cross-Validation (Fold 5/10)...
2026-07-04 20:48:58,261 | INFO | 🔄 Processing pure-Poisson Out-of-Fold Cross-Validation (Fold 6/10)...
2026-07-04 20:49:58,131 | INFO | 🔄 Processing pure-Poisson Out-of-Fold Cross-Validation (Fold 7/10)...
2026-07-04 20:51:13,003 | INFO | 🔄 Processing pure-Poisson Out-of-Fold Cross-Validation (Fold 8/10)...
2026-07-04 20:52:41,516 | INFO | 🔄 Processing pure-Poisson Out-of-Fold Cross-Validation (Fold 9/10)...
2026-07-04 20:54:21,697 | INFO | 🔄 Processing pure-Poisson Out-of-Fold Cross-Validation (Fold 10/10)...
2026-07-04 20:56:51,805 | INFO | 🌲 Training dynamic XGBoost count model...
2026-07-04 20:56:51,806 | INFO | 🔄 Processing XGBoost Out-of-Fold Cross-Validation (Fold 1/10)...
2026-07-04 20:56:52,281 | INFO | 🔄 Processing XGBoost Out-of-Fold Cross-Validation (Fold 2/10)...
2026-07-04 20:56:52,401 | INFO | 🔄 Processing XGBoost Out-of-Fold Cross-Validation (Fold 3/10)...
2026-07-04 20:56:52,554 | INFO | 🔄 Processing XGBoost Out-of-Fold Cross-Validation (Fold 4/10)...
2026-07-04 20:56:52,707 | INFO | 🔄 Processing XGBoost Out-of-Fold Cross-Validation (Fold 5/10)...
2026-07-04 20:56:52,843 | INFO | 🔄 Processing XGBoost Out-of-Fold Cross-Validation (Fold 6/10)...
2026-07-04 20:56:52,993 | INFO | 🔄 Processing XGBoost Out-of-Fold Cross-Validation (Fold 7/10)...
2026-07-04 20:56:53,131 | INFO | 🔄 Processing XGBoost Out-of-Fold Cross-Validation (Fold 8/10)...
2026-07-04 20:56:53,291 | INFO | 🔄 Processing XGBoost Out-of-Fold Cross-Validation (Fold 9/10)...
2026-07-04 20:56:53,414 | INFO | 🔄 Processing XGBoost Out-of-Fold Cross-Validation (Fold 10/10)...
2026-07-04 20:56:53,974 | INFO | 🧠 Resolving weights via L2-Regularized Ridge Stacking Regressor...
2026-07-04 20:56:54,041 | INFO | ⚖️ Active Execution Weights: Poisson 0.463 | Elo 0.005 | XGBoost 0.534
2026-07-04 20:56:54,041 | INFO | 📊 Extracting final pre-tournament team form states...
2026-07-04 20:56:54,109 | INFO | 🌿 Advancing teams and resolving dynamic knockout bracket tree mappings...
2026-07-04 20:56:55,826 | INFO | 🏆 Deterministic path champion detected: SPAIN
2026-07-04 20:56:55,826 | INFO | 🎲 Spawning 10,000 Monte Carlo parallel universes...
2026-07-04 20:59:27,192 | INFO | 🔮 Stochastic path champion detected: ARGENTINA 19.4%
2026-07-04 20:59:27,193 | INFO | ⚔️ Spinning up Sandbox pairwise matrix computations...
2026-07-04 21:02:15,836 | INFO | 🌳 Constructing expected stochastic tournament bracket via xTables...
2026-07-04 21:02:15,861 | INFO | 🏁 Core pipeline orchestration completed successfully.
