2026-07-24 15:59:46,398 | INFO | ✈️ Running pre-flight checks...
2026-07-24 15:59:46,424 | INFO | ✅ PiT architecture verified. Zero leakage detected.
2026-07-24 15:59:46,424 | INFO | 🧹 FORCE_RETRAIN active. Evicting stale model caches and processed artifacts...
2026-07-24 15:59:46,424 | INFO | 🗑️ Removed artifacts directory: data/artifacts
2026-07-24 15:59:46,425 | INFO | 🗑️ Removed processed directory: data/processed
2026-07-24 15:59:46,425 | INFO | ♻️ Evicted raw historical asset to force fresh Kaggle pull: data/raw/former_names.csv
2026-07-24 15:59:46,425 | INFO | ♻️ Evicted raw historical asset to force fresh Kaggle pull: data/raw/results.csv
2026-07-24 15:59:46,425 | INFO | ♻️ Evicted raw historical asset to force fresh Kaggle pull: data/raw/shootouts.csv
2026-07-24 15:59:46,425 | WARNING | ⚠️ Missing local historical files. Initializing automated scraper...
2026-07-24 15:59:46,731 | INFO | 📥 Automated scraper ingestion completed successfully.
2026-07-24 15:59:46,731 | INFO | 🛠️  Patching structural and chronological anomalies in raw tournament blueprints...
2026-07-24 15:59:46,855 | INFO | ⚙️ Running entity validation and preparing historical features...
2026-07-24 15:59:47,257 | INFO | 🚀 Launching World Cup Prediction Pipeline [Engine: blend_ridge]
2026-07-24 15:59:47,257 | INFO | 📈 Synchronizing continuous World Football Elo ratings through time...
2026-07-24 15:59:48,508 | INFO | 🧮 Resolving pure-Poisson Joint Maximum Likelihood Estimations...
2026-07-24 16:01:51,697 | INFO | 🔄 Processing pure-Poisson Out-of-Fold Cross-Validation (Fold 1/10)...
2026-07-24 16:02:11,102 | INFO | 🔄 Processing pure-Poisson Out-of-Fold Cross-Validation (Fold 2/10)...
2026-07-24 16:02:41,242 | INFO | 🔄 Processing pure-Poisson Out-of-Fold Cross-Validation (Fold 3/10)...
2026-07-24 16:03:19,872 | INFO | 🔄 Processing pure-Poisson Out-of-Fold Cross-Validation (Fold 4/10)...
2026-07-24 16:03:58,078 | INFO | 🔄 Processing pure-Poisson Out-of-Fold Cross-Validation (Fold 5/10)...
2026-07-24 16:04:36,925 | INFO | 🔄 Processing pure-Poisson Out-of-Fold Cross-Validation (Fold 6/10)...
2026-07-24 16:05:23,354 | INFO | 🔄 Processing pure-Poisson Out-of-Fold Cross-Validation (Fold 7/10)...
2026-07-24 16:06:22,589 | INFO | 🔄 Processing pure-Poisson Out-of-Fold Cross-Validation (Fold 8/10)...
2026-07-24 16:07:35,758 | INFO | 🔄 Processing pure-Poisson Out-of-Fold Cross-Validation (Fold 9/10)...
2026-07-24 16:08:59,114 | INFO | 🔄 Processing pure-Poisson Out-of-Fold Cross-Validation (Fold 10/10)...
2026-07-24 16:10:59,017 | INFO | 🌲 Training dynamic XGBoost count model...
2026-07-24 16:10:59,018 | INFO | 🔄 Processing XGBoost Out-of-Fold Cross-Validation (Fold 1/10)...
2026-07-24 16:10:59,439 | INFO | 🔄 Processing XGBoost Out-of-Fold Cross-Validation (Fold 2/10)...
2026-07-24 16:10:59,510 | INFO | 🔄 Processing XGBoost Out-of-Fold Cross-Validation (Fold 3/10)...
2026-07-24 16:10:59,597 | INFO | 🔄 Processing XGBoost Out-of-Fold Cross-Validation (Fold 4/10)...
2026-07-24 16:10:59,675 | INFO | 🔄 Processing XGBoost Out-of-Fold Cross-Validation (Fold 5/10)...
2026-07-24 16:10:59,762 | INFO | 🔄 Processing XGBoost Out-of-Fold Cross-Validation (Fold 6/10)...
2026-07-24 16:10:59,847 | INFO | 🔄 Processing XGBoost Out-of-Fold Cross-Validation (Fold 7/10)...
2026-07-24 16:10:59,933 | INFO | 🔄 Processing XGBoost Out-of-Fold Cross-Validation (Fold 8/10)...
2026-07-24 16:11:00,030 | INFO | 🔄 Processing XGBoost Out-of-Fold Cross-Validation (Fold 9/10)...
2026-07-24 16:11:00,129 | INFO | 🔄 Processing XGBoost Out-of-Fold Cross-Validation (Fold 10/10)...
2026-07-24 16:11:00,441 | INFO | 🧠 Resolving weights via L2-Regularized Ridge Stacking Regressor...
2026-07-24 16:11:00,491 | INFO | ⚖️ Active Execution Weights: Poisson 0.439 | Elo 0.009 | XGBoost 0.555
2026-07-24 16:11:00,491 | INFO | 📊 Extracting final pre-tournament team form states...
2026-07-24 16:11:00,544 | INFO | 🌿 Advancing teams and resolving dynamic knockout bracket tree mappings...
2026-07-24 16:11:02,074 | INFO | 🏆 Deterministic path champion detected: SPAIN
2026-07-24 16:11:02,074 | INFO | 🎲 Spawning 10,000 Monte Carlo parallel universes...
2026-07-24 16:13:10,440 | INFO | 🔮 Stochastic path champion detected: SPAIN 55.5%
2026-07-24 16:13:10,440 | INFO | ⚔️ Spinning up Sandbox pairwise matrix computations...
2026-07-24 16:15:52,045 | INFO | 🌳 Constructing expected stochastic tournament bracket via xTables...
2026-07-24 16:15:52,124 | INFO | 🏁 Core pipeline orchestration completed successfully.
