2026-06-23 20:46:24,594 | INFO | ✈️  Running pre-flight checks...
2026-06-23 20:46:24,619 | INFO | ✅ PiT architecture verified. Zero leakage detected.
2026-06-23 20:46:24,619 | INFO | 🛠️  Patching structural and chronological anomalies in raw tournament blueprints...
2026-06-23 20:46:24,691 | INFO | ⚙️  Running entity validation and preparing historical features...
2026-06-23 20:46:25,096 | INFO | 🚀 Launching World Cup Prediction Pipeline [Engine: elo]
2026-06-23 20:46:25,096 | INFO | 📈 Synchronizing continuous World Football Elo ratings through time...
2026-06-23 20:46:26,327 | INFO | 🧮 Resolving pure-Poisson Joint Maximum Likelihood Estimations...
2026-06-23 20:48:26,358 | INFO | 🔄 Processing pure-Poisson Out-of-Fold Cross-Validation (Fold 1/10)...
2026-06-23 20:48:45,687 | INFO | 🔄 Processing pure-Poisson Out-of-Fold Cross-Validation (Fold 2/10)...
2026-06-23 20:49:18,767 | INFO | 🔄 Processing pure-Poisson Out-of-Fold Cross-Validation (Fold 3/10)...
2026-06-23 20:50:00,371 | INFO | 🔄 Processing pure-Poisson Out-of-Fold Cross-Validation (Fold 4/10)...
2026-06-23 20:50:37,982 | INFO | 🔄 Processing pure-Poisson Out-of-Fold Cross-Validation (Fold 5/10)...
2026-06-23 20:51:18,027 | INFO | 🔄 Processing pure-Poisson Out-of-Fold Cross-Validation (Fold 6/10)...
2026-06-23 20:52:05,129 | INFO | 🔄 Processing pure-Poisson Out-of-Fold Cross-Validation (Fold 7/10)...
2026-06-23 20:53:04,933 | INFO | 🔄 Processing pure-Poisson Out-of-Fold Cross-Validation (Fold 8/10)...
2026-06-23 20:54:16,488 | INFO | 🔄 Processing pure-Poisson Out-of-Fold Cross-Validation (Fold 9/10)...
2026-06-23 20:55:39,739 | INFO | 🔄 Processing pure-Poisson Out-of-Fold Cross-Validation (Fold 10/10)...
2026-06-23 20:57:40,639 | INFO | 🌲 Training dynamic XGBoost count model...
2026-06-23 20:57:40,639 | INFO | 💾 Cached XGBoost Out-of-Fold arrays detected. Skipping cross-validation loops...
2026-06-23 20:57:40,935 | INFO | ⚖️  Active Execution Weights: Poisson 0.000 | Elo 1.000 | XGBoost 0.000
2026-06-23 20:57:40,935 | INFO | 📊 Extracting final pre-tournament team form states...
2026-06-23 20:57:41,664 | INFO | 🌿 Advancing teams and resolving dynamic knockout bracket tree mappings...
2026-06-23 20:57:43,648 | INFO | 🏆 Deterministic path champion detected: ARGENTINA
2026-06-23 20:57:43,648 | INFO | 🎲 Spawning 10,000 Monte Carlo parallel universes...
2026-06-23 21:02:08,551 | INFO | 🔮 Stochastic path champion detected: ARGENTINA 26.3%
2026-06-23 21:02:08,554 | INFO | ⚔️  Spinning up Sandbox pairwise matrix computations...
2026-06-23 21:04:55,811 | INFO | 🌳 Constructing expected stochastic tournament bracket via xTables...
2026-06-23 21:04:55,836 | INFO | 🏁 Core pipeline orchestration completed successfully.
