2026-07-24 15:34:57,994 | INFO | ✈️ Running pre-flight checks...
2026-07-24 15:34:58,020 | INFO | ✅ PiT architecture verified. Zero leakage detected.
2026-07-24 15:34:58,020 | INFO | 🧹 FORCE_RETRAIN active. Evicting stale model caches and processed artifacts...
2026-07-24 15:34:58,022 | INFO | 🗑️ Removed artifacts directory: data/artifacts
2026-07-24 15:34:58,023 | INFO | 🗑️ Removed processed directory: data/processed
2026-07-24 15:34:58,023 | INFO | ♻️ Evicted raw historical asset to force fresh Kaggle pull: data/raw/former_names.csv
2026-07-24 15:34:58,024 | INFO | ♻️ Evicted raw historical asset to force fresh Kaggle pull: data/raw/results.csv
2026-07-24 15:34:58,024 | INFO | ♻️ Evicted raw historical asset to force fresh Kaggle pull: data/raw/shootouts.csv
2026-07-24 15:34:58,024 | WARNING | ⚠️ Missing local historical files. Initializing automated scraper...
2026-07-24 15:34:58,329 | INFO | 📥 Automated scraper ingestion completed successfully.
2026-07-24 15:34:58,329 | INFO | 🛠️  Patching structural and chronological anomalies in raw tournament blueprints...
2026-07-24 15:34:58,450 | INFO | ⚙️ Running entity validation and preparing historical features...
2026-07-24 15:34:58,874 | INFO | 🚀 Launching World Cup Prediction Pipeline [Engine: blend_ridge]
2026-07-24 15:34:58,874 | INFO | 📈 Synchronizing continuous World Football Elo ratings through time...
2026-07-24 15:35:00,165 | INFO | 🧮 Resolving pure-Poisson Joint Maximum Likelihood Estimations...
2026-07-24 15:37:01,261 | INFO | 🔄 Processing pure-Poisson Out-of-Fold Cross-Validation (Fold 1/10)...
2026-07-24 15:37:20,102 | INFO | 🔄 Processing pure-Poisson Out-of-Fold Cross-Validation (Fold 2/10)...
2026-07-24 15:37:49,202 | INFO | 🔄 Processing pure-Poisson Out-of-Fold Cross-Validation (Fold 3/10)...
2026-07-24 15:38:28,025 | INFO | 🔄 Processing pure-Poisson Out-of-Fold Cross-Validation (Fold 4/10)...
2026-07-24 15:39:05,602 | INFO | 🔄 Processing pure-Poisson Out-of-Fold Cross-Validation (Fold 5/10)...
2026-07-24 15:39:44,280 | INFO | 🔄 Processing pure-Poisson Out-of-Fold Cross-Validation (Fold 6/10)...
2026-07-24 15:40:32,055 | INFO | 🔄 Processing pure-Poisson Out-of-Fold Cross-Validation (Fold 7/10)...
2026-07-24 15:41:30,973 | INFO | 🔄 Processing pure-Poisson Out-of-Fold Cross-Validation (Fold 8/10)...
2026-07-24 15:42:41,952 | INFO | 🔄 Processing pure-Poisson Out-of-Fold Cross-Validation (Fold 9/10)...
2026-07-24 15:44:02,795 | INFO | 🔄 Processing pure-Poisson Out-of-Fold Cross-Validation (Fold 10/10)...
2026-07-24 15:46:03,290 | INFO | 🌲 Training dynamic XGBoost count model...
2026-07-24 15:46:03,292 | INFO | 🔄 Processing XGBoost Out-of-Fold Cross-Validation (Fold 1/10)...
2026-07-24 15:46:03,677 | INFO | 🔄 Processing XGBoost Out-of-Fold Cross-Validation (Fold 2/10)...
2026-07-24 15:46:03,774 | INFO | 🔄 Processing XGBoost Out-of-Fold Cross-Validation (Fold 3/10)...
2026-07-24 15:46:03,852 | INFO | 🔄 Processing XGBoost Out-of-Fold Cross-Validation (Fold 4/10)...
2026-07-24 15:46:03,932 | INFO | 🔄 Processing XGBoost Out-of-Fold Cross-Validation (Fold 5/10)...
2026-07-24 15:46:04,033 | INFO | 🔄 Processing XGBoost Out-of-Fold Cross-Validation (Fold 6/10)...
2026-07-24 15:46:04,134 | INFO | 🔄 Processing XGBoost Out-of-Fold Cross-Validation (Fold 7/10)...
2026-07-24 15:46:04,235 | INFO | 🔄 Processing XGBoost Out-of-Fold Cross-Validation (Fold 8/10)...
2026-07-24 15:46:04,331 | INFO | 🔄 Processing XGBoost Out-of-Fold Cross-Validation (Fold 9/10)...
2026-07-24 15:46:04,437 | INFO | 🔄 Processing XGBoost Out-of-Fold Cross-Validation (Fold 10/10)...
2026-07-24 15:46:04,779 | INFO | 🧠 Resolving weights via L2-Regularized Ridge Stacking Regressor...
2026-07-24 15:46:04,855 | INFO | ⚖️ Active Execution Weights: Poisson 0.439 | Elo 0.011 | XGBoost 0.553
2026-07-24 15:46:04,859 | INFO | 📊 Extracting final pre-tournament team form states...
2026-07-24 15:46:04,935 | INFO | 🌿 Advancing teams and resolving dynamic knockout bracket tree mappings...
2026-07-24 15:46:06,480 | INFO | 🏆 Deterministic path champion detected: SPAIN
2026-07-24 15:46:06,481 | INFO | 🎲 Spawning 10,000 Monte Carlo parallel universes...
2026-07-24 15:48:17,951 | INFO | 🔮 Stochastic path champion detected: SPAIN 33.4%
2026-07-24 15:48:17,952 | INFO | ⚔️ Spinning up Sandbox pairwise matrix computations...
2026-07-24 15:51:04,148 | INFO | 🌳 Constructing expected stochastic tournament bracket via xTables...
2026-07-24 15:51:04,230 | INFO | 🏁 Core pipeline orchestration completed successfully.
