2026-06-23 21:25:20,545 | INFO | ✈️  Running pre-flight checks...
2026-06-23 21:25:20,569 | INFO | ✅ PiT architecture verified. Zero leakage detected.
2026-06-23 21:25:20,569 | INFO | 🛠️  Patching structural and chronological anomalies in raw tournament blueprints...
2026-06-23 21:25:20,639 | INFO | ⚙️  Running entity validation and preparing historical features...
2026-06-23 21:25:21,022 | INFO | 🚀 Launching World Cup Prediction Pipeline [Engine: blend_scipy]
2026-06-23 21:25:21,022 | INFO | 📈 Synchronizing continuous World Football Elo ratings through time...
2026-06-23 21:25:22,231 | INFO | 🧮 Resolving pure-Poisson Joint Maximum Likelihood Estimations...
2026-06-23 21:25:22,231 | INFO | 💾 Cached pure-Poisson Out-of-Fold arrays detected. Skipping cross-validation loops...
2026-06-23 21:25:22,231 | INFO | 🌲 Training dynamic XGBoost count model...
2026-06-23 21:25:22,231 | INFO | 💾 Cached XGBoost Out-of-Fold arrays detected. Skipping cross-validation loops...
2026-06-23 21:25:22,474 | INFO | 🧩 Resolving weights via SciPy Bounded SLSQP solver...
2026-06-23 21:25:22,486 | INFO | ⚖️  Active Execution Weights: Poisson 0.467 | Elo 0.001 | XGBoost 0.532
2026-06-23 21:25:22,486 | INFO | 📊 Extracting final pre-tournament team form states...
2026-06-23 21:25:23,205 | INFO | 🌿 Advancing teams and resolving dynamic knockout bracket tree mappings...
2026-06-23 21:25:25,383 | INFO | 🏆 Deterministic path champion detected: SPAIN
2026-06-23 21:25:25,383 | INFO | 🎲 Spawning 10,000 Monte Carlo parallel universes...
2026-06-23 21:29:48,734 | INFO | 🔮 Stochastic path champion detected: SPAIN 17.0%
2026-06-23 21:29:48,735 | INFO | ⚔️  Spinning up Sandbox pairwise matrix computations...
2026-06-23 21:32:30,297 | INFO | 🌳 Constructing expected stochastic tournament bracket via xTables...
2026-06-23 21:32:30,320 | INFO | 🏁 Core pipeline orchestration completed successfully.
