2026-06-23 21:54:00,502 | INFO | ✈️  Running pre-flight checks...
2026-06-23 21:54:00,527 | INFO | ✅ PiT architecture verified. Zero leakage detected.
2026-06-23 21:54:00,527 | INFO | 🛠️  Patching structural and chronological anomalies in raw tournament blueprints...
2026-06-23 21:54:00,601 | INFO | ⚙️  Running entity validation and preparing historical features...
2026-06-23 21:54:00,996 | INFO | 🚀 Launching World Cup Prediction Pipeline [Engine: blend_ridge]
2026-06-23 21:54:00,996 | INFO | 📈 Synchronizing continuous World Football Elo ratings through time...
2026-06-23 21:54:02,261 | INFO | 🧮 Resolving pure-Poisson Joint Maximum Likelihood Estimations...
2026-06-23 21:54:02,261 | INFO | 💾 Cached pure-Poisson Out-of-Fold arrays detected. Skipping cross-validation loops...
2026-06-23 21:54:02,262 | INFO | 🌲 Training dynamic XGBoost count model...
2026-06-23 21:54:02,262 | INFO | 💾 Cached XGBoost Out-of-Fold arrays detected. Skipping cross-validation loops...
2026-06-23 21:54:02,522 | INFO | 🧠 Resolving weights via L2-Regularized Ridge Stacking Regressor...
2026-06-23 21:54:02,593 | INFO | ⚖️  Active Execution Weights: Poisson 0.467 | Elo 0.004 | XGBoost 0.531
2026-06-23 21:54:02,593 | INFO | 📊 Extracting final pre-tournament team form states...
2026-06-23 21:54:03,355 | INFO | 🌿 Advancing teams and resolving dynamic knockout bracket tree mappings...
2026-06-23 21:54:05,525 | INFO | 🏆 Deterministic path champion detected: SPAIN
2026-06-23 21:54:05,525 | INFO | 🎲 Spawning 10,000 Monte Carlo parallel universes...
2026-06-23 21:58:34,269 | INFO | 🔮 Stochastic path champion detected: SPAIN 16.8%
2026-06-23 21:58:34,270 | INFO | ⚔️  Spinning up Sandbox pairwise matrix computations...
2026-06-23 22:01:19,431 | INFO | 🌳 Constructing expected stochastic tournament bracket via xTables...
2026-06-23 22:01:19,454 | INFO | 🏁 Core pipeline orchestration completed successfully.
