2026-07-24 02:19:26,226 | INFO | ✈️ Running pre-flight checks...
2026-07-24 02:19:26,251 | INFO | ✅ PiT architecture verified. Zero leakage detected.
2026-07-24 02:19:26,251 | INFO | 🛠️  Patching structural and chronological anomalies in raw tournament blueprints...
2026-07-24 02:19:26,319 | INFO | ⚙️ Running entity validation and preparing historical features...
2026-07-24 02:19:26,707 | INFO | 🚀 Launching World Cup Prediction Pipeline [Engine: poisson]
2026-07-24 02:19:26,707 | INFO | 📈 Synchronizing continuous World Football Elo ratings through time...
2026-07-24 02:19:27,911 | INFO | 🧮 Resolving dixon_coles-Poisson Joint Maximum Likelihood Estimations...
2026-07-24 02:23:53,894 | INFO | 🔄 Processing dixon_coles-Poisson Out-of-Fold Cross-Validation (Fold 1/10)...
2026-07-24 02:24:26,930 | INFO | 🔄 Processing dixon_coles-Poisson Out-of-Fold Cross-Validation (Fold 2/10)...
2026-07-24 02:25:17,831 | INFO | 🔄 Processing dixon_coles-Poisson Out-of-Fold Cross-Validation (Fold 3/10)...
2026-07-24 02:26:23,328 | INFO | 🔄 Processing dixon_coles-Poisson Out-of-Fold Cross-Validation (Fold 4/10)...
2026-07-24 02:27:30,034 | INFO | 🔄 Processing dixon_coles-Poisson Out-of-Fold Cross-Validation (Fold 5/10)...
2026-07-24 02:28:45,490 | INFO | 🔄 Processing dixon_coles-Poisson Out-of-Fold Cross-Validation (Fold 6/10)...
2026-07-24 02:30:21,889 | INFO | 🔄 Processing dixon_coles-Poisson Out-of-Fold Cross-Validation (Fold 7/10)...
2026-07-24 02:32:28,250 | INFO | 🔄 Processing dixon_coles-Poisson Out-of-Fold Cross-Validation (Fold 8/10)...
2026-07-24 02:34:57,170 | INFO | 🔄 Processing dixon_coles-Poisson Out-of-Fold Cross-Validation (Fold 9/10)...
2026-07-24 02:37:53,335 | INFO | 🔄 Processing dixon_coles-Poisson Out-of-Fold Cross-Validation (Fold 10/10)...
2026-07-24 02:42:12,287 | INFO | 🌲 Training dynamic XGBoost count model...
2026-07-24 02:42:12,287 | INFO | 💾 Cached XGBoost Out-of-Fold arrays detected. Skipping cross-validation loops...
2026-07-24 02:42:12,513 | INFO | ⚖️ Active Execution Weights: Poisson 1.000 | Elo 0.000 | XGBoost 0.000
2026-07-24 02:42:12,514 | INFO | 📊 Extracting final pre-tournament team form states...
2026-07-24 02:42:13,215 | INFO | 🌿 Advancing teams and resolving dynamic knockout bracket tree mappings...
2026-07-24 02:42:15,003 | INFO | 🏆 Deterministic path champion detected: SPAIN
2026-07-24 02:42:15,003 | INFO | 🎲 Spawning 10,000 Monte Carlo parallel universes...
2026-07-24 02:46:44,511 | INFO | 🔮 Stochastic path champion detected: SPAIN 17.0%
2026-07-24 02:46:44,512 | INFO | ⚔️ Spinning up Sandbox pairwise matrix computations...
2026-07-24 02:49:20,416 | INFO | 🌳 Constructing expected stochastic tournament bracket via xTables...
2026-07-24 02:49:20,508 | INFO | 🏁 Core pipeline orchestration completed successfully.
